// Jest Snapshot v1, https://goo.gl/fbAQLP

exports[`CharacterSelector component renders correctly 1`] = `
<div>
  <div
    class="flex"
  >
    <img
      alt="targetCircle"
      class="max-h-16 w-16"
      src="https://res.cloudinary.com/du3oueesv/image/upload/v1673284323/Where%27s%20Waldo/Where_s_Waldo_dot_k9q85x-media_lib_thumb_i9xieg.png"
    />
    <div
      class="z-10 w-72 rounded-md bg-[#17134d] p-4 text-white transition-all"
    >
      <p>
        Cacodemon
      </p>
      <p>
        Bill Cipher
      </p>
      <p>
        Courage
      </p>
    </div>
  </div>
</div>
`;
